
> tracker@0.1.0 build
> next build

Γû▓ Next.js 16.2.2 (Turbopack)
- Environments: .env

node.exe : ΓÜá The "middleware" 
file convention is deprecated. 
Please use "proxy" instead. 
Learn more: https://nextjs.org/do
cs/messages/middleware-to-proxy
At line:1 char:1
+ & "C:\Users\nevil\scoop\apps\no
dejs-lts\current/node.exe" 
"C:\Users\n ...
+ ~~~~~~~~~~~~~~~~~~~~~~~~~~~~~~~
~~~~~~~~~~~~~~~~~~~~~~~~~~~~~~~~~
~~~~~
    + CategoryInfo          : No 
   tSpecified: (ΓÜá The "middle  
  ...leware-to-proxy:String) [   
 ], RemoteException
    + FullyQualifiedErrorId : Na 
   tiveCommandError
 
  Creating an optimized production build ...
Γ£ô Compiled successfully in 3.7s
  Running TypeScript ...
Failed to type check.

./src/actions/project.actions.ts:
40:5
Type error: Expected 2 
arguments, but got 1.

  [90m38 |[0m     revalidatePat
h([32m'/manager'[0m);
  [90m39 |[0m     revalidatePat
h([32m'/board'[0m);
[31m[1m>[0m [90m40 |[0m     
revalidateTag([32m'projects'[0m
);
  [90m   |[0m     
[31m[1m^[0m
  [90m41 |[0m     
[36mreturn[0m { success: 
[36mtrue[0m, data: project, 
error: [36mnull[0m };
  [90m42 |[0m   } 
[36mcatch[0m (error: any) {
  [90m43 |[0m     
[36mreturn[0m { success: 
[36mfalse[0m, data: 
[36mnull[0m, error: 
error.message };
Next.js build worker exited with 
code: 1 and signal: null
