src/actions/project.actions.ts(40,5): error TS2554: Expected 2 arguments, but got 1.
src/actions/project.actions.ts(55,5): error TS2554: Expected 2 arguments, but got 1.
src/actions/project.actions.ts(69,5): error TS2554: Expected 2 arguments, but got 1.
src/actions/project.actions.ts(87,5): error TS2554: Expected 2 arguments, but got 1.
src/actions/task.actions.ts(44,5): error TS2554: Expected 2 arguments, but got 1.
src/actions/task.actions.ts(58,5): error TS2554: Expected 2 arguments, but got 1.
src/actions/task.actions.ts(71,5): error TS2554: Expected 2 arguments, but got 1.
src/app/manager/page.tsx(19,14): error TS2353: Object literal may only specify known properties, and 'deletedAt' does not exist in type 'UserWhereInput'.
src/app/manager/page.tsx(58,25): error TS2339: Property 'userProjects' does not exist on type '{ name: string | null; id: string; email: string; emailVerified: Date | null; password: string | null; image: string | null; role: Role; createdAt: Date; updatedAt: Date; }'.
src/app/manager/page.tsx(59,58): error TS2339: Property 'userProjects' does not exist on type '{ name: string | null; id: string; email: string; emailVerified: Date | null; password: string | null; image: string | null; role: Role; createdAt: Date; updatedAt: Date; }'.
src/app/manager/page.tsx(59,75): error TS7006: Parameter 'up' implicitly has an 'any' type.
src/lib/next-auth.ts(62,9): error TS2322: Type 'string' is not assignable to type 'Role'.
src/repositories/user.repository.ts(7,20): error TS2353: Object literal may only specify known properties, and 'deletedAt' does not exist in type 'UserWhereInput'.
src/repositories/user.repository.ts(13,23): error TS2353: Object literal may only specify known properties, and 'deletedAt' does not exist in type 'UserWhereInput'.
src/repositories/user.repository.ts(19,16): error TS2353: Object literal may only specify known properties, and 'deletedAt' does not exist in type 'UserWhereInput'.
