src/components/board/TaskEditModal.tsx(3,52): error TS2305: Module '"@/components/ui/card"' has no exported member 'CardFooter'.
src/components/calendar/DeadlinesCalendar.tsx(29,63): error TS2339: Property 'dueDate' does not exist on type 'Task'.
